// Jest Snapshot v1, https://goo.gl/fbAQLP

exports[`<HelloWorld /> Snapshot <HelloWorld /> renders 1`] = `
<h1>
  Hello World!
</h1>
`;
